1. Creating Admin User
Admin Create: {
  status: 400,
  body: {
    error: 'Username already exists (names must be unique in this prototype).'
  }
}

2. Admin Login
node : undefined:1
At line:1 char:1
+ node test_pg.js > 
test_output.txt 2>&1
+ ~~~~~~~~~~~~~~~~~~~~~~~~
~~~~~~~~~~~~~~
    + CategoryInfo        
      : NotSpecified: (u  
  ndefined:1:String) []   
 , RemoteException
    + FullyQualifiedError 
   Id : NativeCommandErr  
  or
 
<!DOCTYPE html>
^

SyntaxError: Unexpected 
token < in JSON at 
position 0
    at JSON.parse 
(<anonymous>)
    at IncomingMessage.<an
onymous> (C:\Users\kishore
b\Desktop\jira-clone\test_
pg.js:18:78)
    at 
IncomingMessage.emit 
(node:events:526:35)
    at endReadableNT (node
:internal/streams/readable
:1359:12)
    at process.processTick
sAndRejections (node:inter
nal/process/task_queues:82
:21)

Node.js v18.17.1
